// Jest Snapshot v1, https://goo.gl/fbAQLP

exports[`test LoginPage snapshot 1`] = `ShallowWrapper {}`;
