// Jest Snapshot v1, https://goo.gl/fbAQLP

exports[`App test snapshot 1`] = `ShallowWrapper {}`;

exports[`demo snapshot 1`] = `ShallowWrapper {}`;
